<?php return array (
  0 => 'Symfony\\Bundle\\FrameworkBundle\\Controller\\AbstractController',
  1 => 'Symfony\\Bundle\\FrameworkBundle\\Controller\\Controller',
  2 => 'App\\Controller\\AccountController',
  3 => 'App\\Controller\\AppConfigurationController',
  4 => 'App\\Controller\\BaseController',
  5 => 'App\\Controller\\ConversionController',
  6 => 'App\\Controller\\DefaultController',
  7 => 'App\\Controller\\FileUploadController',
  8 => 'App\\Controller\\FileWatcherController',
  9 => 'App\\Controller\\HadoopStatusController',
  10 => 'App\\Controller\\MPPStatusController',
  11 => 'App\\Controller\\NexusController',
  12 => 'App\\Controller\\NotificationController',
  13 => 'App\\Controller\\ProjectAssignmentController',
  14 => 'App\\Controller\\ProjectController',
  15 => 'App\\Controller\\ProjectRateController',
  16 => 'App\\Controller\\QueryController',
  17 => 'App\\Controller\\SimulationController',
  18 => 'App\\Controller\\SqsController',
  19 => 'App\\Controller\\TableController',
  20 => 'App\\Controller\\TaskCategoryController',
  21 => 'App\\Controller\\TaskController',
  22 => 'App\\Controller\\TaskQueueController',
  23 => 'App\\Controller\\TaskTemplateController',
  24 => 'App\\Controller\\TemplateController',
  25 => 'App\\Controller\\TimesheetController',
  26 => 'App\\Controller\\User\\AppUserController',
  27 => 'App\\Controller\\User\\ForgotPasswordController',
  28 => 'App\\Controller\\User\\LoginController',
  29 => 'App\\Controller\\User\\ProfileController',
  30 => 'App\\Controller\\User\\ResetPasswordController',
  31 => 'App\\Entity\\Account',
  32 => 'App\\Entity\\Base',
  33 => 'App\\Entity\\BaseEntity',
  34 => 'App\\Entity\\Conversion',
  35 => 'App\\Entity\\CustomReport',
  36 => 'App\\Entity\\Employee',
  37 => 'App\\Entity\\Employeerelationship',
  38 => 'App\\Entity\\Entity',
  39 => 'App\\Entity\\FileUpload',
  40 => 'App\\Entity\\FileWatcher',
  41 => 'App\\Entity\\HadoopStatus',
  42 => 'App\\Entity\\MPPStatus',
  43 => 'App\\Entity\\Notification',
  44 => 'App\\Entity\\Project',
  45 => 'App\\Entity\\ProjectAssignment',
  46 => 'App\\Entity\\ProjectRate',
  47 => 'App\\Entity\\Simulation',
  48 => 'App\\Entity\\StateGuide',
  49 => 'App\\Entity\\Task',
  50 => 'App\\Entity\\TaskCategory',
  51 => 'App\\Entity\\TaskQueue',
  52 => 'App\\Entity\\TaskTemplate',
  53 => 'App\\Entity\\TaskTemplateDetail',
  54 => 'App\\Entity\\Template',
  55 => 'App\\Entity\\Timesheet',
  56 => 'App\\Entity\\TimesheetDetail',
  57 => 'App\\Entity\\Traits\\AccountField',
  58 => 'App\\Entity\\User\\AppUser',
  59 => 'App\\Entity\\User\\Role',
  60 => 'App\\Entity\\User\\UserRole',
  61 => 'Doctrine\\Bundle\\DoctrineBundle\\Controller\\ProfilerController',
  62 => 'Doctrine\\ORM\\Cache\\Persister\\Entity\\AbstractEntityPersister',
  63 => 'Doctrine\\ORM\\Cache\\Persister\\Entity\\CachedEntityPersister',
  64 => 'Doctrine\\ORM\\Cache\\Persister\\Entity\\NonStrictReadWriteCachedEntityPersister',
  65 => 'Doctrine\\ORM\\Cache\\Persister\\Entity\\ReadOnlyCachedEntityPersister',
  66 => 'Doctrine\\ORM\\Cache\\Persister\\Entity\\ReadWriteCachedEntityPersister',
  67 => 'Doctrine\\ORM\\Persisters\\Entity\\AbstractEntityInheritancePersister',
  68 => 'Doctrine\\ORM\\Persisters\\Entity\\BasicEntityPersister',
  69 => 'Doctrine\\ORM\\Persisters\\Entity\\CachedPersisterContext',
  70 => 'Doctrine\\ORM\\Persisters\\Entity\\EntityPersister',
  71 => 'Doctrine\\ORM\\Persisters\\Entity\\JoinedSubclassPersister',
  72 => 'Doctrine\\ORM\\Persisters\\Entity\\SingleTablePersister',
  73 => 'Liip\\MonitorBundle\\Controller\\HealthCheckController',
  74 => 'MsgPhp\\Domain\\Entity\\Features\\CanBeConfirmed',
  75 => 'MsgPhp\\Domain\\Entity\\Features\\CanBeEnabled',
  76 => 'MsgPhp\\Domain\\Entity\\Fields\\CreatedAtField',
  77 => 'MsgPhp\\Domain\\Entity\\Fields\\EnabledField',
  78 => 'MsgPhp\\Domain\\Entity\\Fields\\LastUpdatedAtField',
  79 => 'MsgPhp\\User\\Entity\\Credential\\Anonymous',
  80 => 'MsgPhp\\User\\Entity\\Credential\\Email',
  81 => 'MsgPhp\\User\\Entity\\Credential\\EmailPassword',
  82 => 'MsgPhp\\User\\Entity\\Credential\\EmailSaltedPassword',
  83 => 'MsgPhp\\User\\Entity\\Credential\\Features\\EmailAsUsername',
  84 => 'MsgPhp\\User\\Entity\\Credential\\Features\\NicknameAsUsername',
  85 => 'MsgPhp\\User\\Entity\\Credential\\Features\\PasswordProtected',
  86 => 'MsgPhp\\User\\Entity\\Credential\\Features\\PasswordWithSaltProtected',
  87 => 'MsgPhp\\User\\Entity\\Credential\\Nickname',
  88 => 'MsgPhp\\User\\Entity\\Credential\\NicknamePassword',
  89 => 'MsgPhp\\User\\Entity\\Credential\\NicknameSaltedPassword',
  90 => 'MsgPhp\\User\\Entity\\Credential\\Token',
  91 => 'MsgPhp\\User\\Entity\\Features\\AbstractCredential',
  92 => 'MsgPhp\\User\\Entity\\Features\\AbstractPasswordCredential',
  93 => 'MsgPhp\\User\\Entity\\Features\\AbstractSaltedPasswordCredential',
  94 => 'MsgPhp\\User\\Entity\\Features\\EmailCredential',
  95 => 'MsgPhp\\User\\Entity\\Features\\EmailPasswordCredential',
  96 => 'MsgPhp\\User\\Entity\\Features\\EmailSaltedPasswordCredential',
  97 => 'MsgPhp\\User\\Entity\\Features\\NicknameCredential',
  98 => 'MsgPhp\\User\\Entity\\Features\\NicknamePasswordCredential',
  99 => 'MsgPhp\\User\\Entity\\Features\\NicknameSaltedPasswordCredential',
  100 => 'MsgPhp\\User\\Entity\\Features\\ResettablePassword',
  101 => 'MsgPhp\\User\\Entity\\Features\\TokenCredential',
  102 => 'MsgPhp\\User\\Entity\\Fields\\AttributeValuesField',
  103 => 'MsgPhp\\User\\Entity\\Fields\\EmailsField',
  104 => 'MsgPhp\\User\\Entity\\Fields\\RoleField',
  105 => 'MsgPhp\\User\\Entity\\Fields\\RolesField',
  106 => 'MsgPhp\\User\\Entity\\Fields\\UserField',
  107 => 'MsgPhp\\User\\Entity\\Role',
  108 => 'MsgPhp\\User\\Entity\\User',
  109 => 'MsgPhp\\User\\Entity\\UserAttributeValue',
  110 => 'MsgPhp\\User\\Entity\\UserEmail',
  111 => 'MsgPhp\\User\\Entity\\UserRole',
  112 => 'MsgPhp\\User\\Entity\\Username',
  115 => 'Symfony\\Bundle\\FrameworkBundle\\Controller\\ControllerNameParser',
  116 => 'Symfony\\Bundle\\FrameworkBundle\\Controller\\ControllerResolver',
  117 => 'Symfony\\Bundle\\FrameworkBundle\\Controller\\ControllerTrait',
  118 => 'Symfony\\Bundle\\FrameworkBundle\\Controller\\RedirectController',
  119 => 'Symfony\\Bundle\\FrameworkBundle\\Controller\\TemplateController',
  120 => 'Symfony\\Bundle\\TwigBundle\\Controller\\ExceptionController',
  121 => 'Symfony\\Bundle\\TwigBundle\\Controller\\PreviewErrorController',
  122 => 'Symfony\\Bundle\\WebProfilerBundle\\Controller\\ExceptionController',
  123 => 'Symfony\\Bundle\\WebProfilerBundle\\Controller\\ProfilerController',
  124 => 'Symfony\\Bundle\\WebProfilerBundle\\Controller\\RouterController',
  125 => 'Symfony\\Component\\HttpKernel\\Controller\\ArgumentResolver',
  126 => 'Symfony\\Component\\HttpKernel\\Controller\\ArgumentResolverInterface',
  127 => 'Symfony\\Component\\HttpKernel\\Controller\\ArgumentResolver\\DefaultValueResolver',
  128 => 'Symfony\\Component\\HttpKernel\\Controller\\ArgumentResolver\\RequestAttributeValueResolver',
  129 => 'Symfony\\Component\\HttpKernel\\Controller\\ArgumentResolver\\RequestValueResolver',
  130 => 'Symfony\\Component\\HttpKernel\\Controller\\ArgumentResolver\\ServiceValueResolver',
  131 => 'Symfony\\Component\\HttpKernel\\Controller\\ArgumentResolver\\SessionValueResolver',
  132 => 'Symfony\\Component\\HttpKernel\\Controller\\ArgumentResolver\\TraceableValueResolver',
  133 => 'Symfony\\Component\\HttpKernel\\Controller\\ArgumentResolver\\VariadicValueResolver',
  134 => 'Symfony\\Component\\HttpKernel\\Controller\\ArgumentValueResolverInterface',
  135 => 'Symfony\\Component\\HttpKernel\\Controller\\ContainerControllerResolver',
  136 => 'Symfony\\Component\\HttpKernel\\Controller\\ControllerReference',
  137 => 'Symfony\\Component\\HttpKernel\\Controller\\ControllerResolver',
  138 => 'Symfony\\Component\\HttpKernel\\Controller\\ControllerResolverInterface',
  139 => 'Symfony\\Component\\HttpKernel\\Controller\\TraceableArgumentResolver',
  140 => 'Symfony\\Component\\HttpKernel\\Controller\\TraceableControllerResolver',
  141 => 'Symfony\\Component\\Security\\Http\\Controller\\UserValueResolver',
);